// Jest Snapshot v1, https://goo.gl/fbAQLP

exports[`processEventToDb dataset_1 1`] = `
Object {
  "players": Array [
    Object {
      "_id": "0x3048aa7a4eb54bdc7f7b35d98603a18718380993",
      "createdBlock": 1,
      "pories": Array [
        Object {
          "_id": 1182,
          "birthDate": "2022-04-20T11:28:00.000Z",
          "createdAt": "2022-04-20T12:53:03.401Z",
          "critical": 71,
          "dna": "9076431867127095074785173926980014995178110010806707409896581273537522696192",
          "health": 86,
          "helpPower": 294,
          "isActive": true,
          "legend": 0,
          "magicAttack": 69,
          "magicDefend": 74,
          "minePower": 310,
          "name": "Bruwan",
          "ownerAddress": "0x3048aa7a4eb54bdc7f7b35d98603a18718380993",
          "physicalAttack": 69,
          "physicalDefend": 79,
          "player": Array [
            [Circular],
          ],
          "poriClass": 1,
          "purity": 3,
          "speed": 70,
          "stage": 2,
          "status": 5,
          "type": 2,
          "updatedAt": "2022-04-27T15:11:03.202Z",
        },
      ],
    },
  ],
  "pories": Array [
    Object {
      "_id": 1182,
      "birthDate": "2022-04-20T11:28:00.000Z",
      "createdAt": "2022-04-20T12:53:03.401Z",
      "critical": 71,
      "dna": "9076431867127095074785173926980014995178110010806707409896581273537522696192",
      "health": 86,
      "helpPower": 294,
      "isActive": true,
      "legend": 0,
      "magicAttack": 69,
      "magicDefend": 74,
      "minePower": 310,
      "name": "Bruwan",
      "ownerAddress": "0x3048aa7a4eb54bdc7f7b35d98603a18718380993",
      "physicalAttack": 69,
      "physicalDefend": 79,
      "player": Array [
        Object {
          "_id": "0x3048aa7a4eb54bdc7f7b35d98603a18718380993",
          "createdBlock": 1,
          "pories": Array [
            [Circular],
          ],
        },
      ],
      "poriClass": 1,
      "purity": 3,
      "speed": 70,
      "stage": 2,
      "status": 5,
      "type": 2,
      "updatedAt": "2022-04-27T15:11:03.202Z",
    },
    Object {
      "_id": 1183,
      "birthDate": "2022-04-20T11:28:00.000Z",
      "createdAt": "2022-04-20T12:53:03.401Z",
      "critical": 71,
      "dna": "9076431867127095074785173926980014995178110010806707409896581273537522696192",
      "health": 86,
      "helpPower": 294,
      "isActive": false,
      "legend": 0,
      "magicAttack": 69,
      "magicDefend": 74,
      "minePower": 310,
      "name": "Bruwan",
      "ownerAddress": "0x3048aa7a4eb54bdc7f7b35d98603a18718380993",
      "physicalAttack": 69,
      "physicalDefend": 79,
      "player": Array [],
      "poriClass": 1,
      "purity": 3,
      "speed": 70,
      "stage": 2,
      "status": 5,
      "type": 2,
      "updatedAt": "2022-04-27T15:11:03.202Z",
    },
  ],
}
`;
