// Jest Snapshot v1, https://goo.gl/fbAQLP

exports[`workflow_concept workflow_can_abort 1`] = `"aborted"`;
